// Jest Snapshot v1, https://goo.gl/fbAQLP

exports[`card component renders the UI as expected 1`] = `
<div
  className="Card"
>
  <button
    type="button"
  >
    delete
  </button>
  <h3>
    second card
  </h3>
  <p>
    lorem ipsum
  </p>
</div>
`;
